// Jest Snapshot v1, https://goo.gl/fbAQLP

exports[`>>> PROJECTS LIST COMPONENT --- Snapshot +++ capturing Snapshot of Projects list 1`] = `<div />`;
